stm32f7xx_it.c:83:6:NMI_Handler	0	static
stm32f7xx_it.c:96:6:HardFault_Handler	0	static
stm32f7xx_it.c:111:6:MemManage_Handler	0	static
stm32f7xx_it.c:126:6:BusFault_Handler	0	static
stm32f7xx_it.c:141:6:UsageFault_Handler	0	static
stm32f7xx_it.c:156:6:DebugMon_Handler	0	static
stm32f7xx_it.c:176:6:EXTI0_IRQHandler	0	static
stm32f7xx_it.c:190:6:EXTI9_5_IRQHandler	0	static
stm32f7xx_it.c:204:6:UART5_IRQHandler	0	static
stm32f7xx_it.c:218:6:TIM6_DAC_IRQHandler	0	static
stm32f7xx_it.c:232:6:DMA2_Stream0_IRQHandler	0	static
stm32f7xx_it.c:246:6:DMA2_Stream1_IRQHandler	0	static
stm32f7xx_it.c:260:6:DMA2_Stream3_IRQHandler	0	static
stm32f7xx_it.c:274:6:DMA2_Stream4_IRQHandler	0	static
stm32f7xx_it.c:288:6:LTDC_IRQHandler	8	static
stm32f7xx_it.c:304:6:DMA2D_IRQHandler	0	static
stm32f7xx_it.c:318:6:I2C4_EV_IRQHandler	0	static
stm32f7xx_it.c:332:6:DSI_IRQHandler	0	static
stm32f7xx_it.c:346:6:JPEG_IRQHandler	0	static
