../../Middlewares/ST/touchgfx/framework/include/touchgfx/Application.hpp:71:18:virtual void touchgfx::Application::changeToStartScreen()	0	static
../../Middlewares/ST/touchgfx/framework/include/touchgfx/Application.hpp:90:18:virtual void touchgfx::Application::appSwitchScreen(uint8_t)	0	static
../../Middlewares/ST/touchgfx/framework/include/touchgfx/Application.hpp:102:18:virtual void touchgfx::Application::requestRedraw(touchgfx::Rect&)	0	static
../../Middlewares/ST/touchgfx/framework/include/touchgfx/transitions/Transition.hpp:71:18:virtual void touchgfx::Transition::tearDown()	0	static
../../Middlewares/ST/touchgfx/framework/include/touchgfx/transitions/Transition.hpp:79:18:virtual void touchgfx::Transition::init()	0	static
../../Middlewares/ST/touchgfx/framework/include/touchgfx/transitions/Transition.hpp:99:18:virtual void touchgfx::Transition::setScreenContainer(touchgfx::Container&)	0	static
../../Middlewares/ST/touchgfx/framework/include/mvp/MVPApplication.hpp:43:7:touchgfx::MVPApplication::~MVPApplication()	0	static
../../TouchGFX/generated/gui_generated/include/gui_generated/common/FrontendApplicationBase.hpp:16:13:FrontendApplicationBase::~FrontendApplicationBase()	0	static
../../TouchGFX/generated/gui_generated/include/gui_generated/common/FrontendApplicationBase.hpp:18:18:virtual void FrontendApplicationBase::changeToStartScreen()	0	static
../../Middlewares/ST/touchgfx/framework/include/touchgfx/transitions/NoTransition.hpp:35:18:virtual void touchgfx::NoTransition::handleTickEvent()	0	static
../../Middlewares/ST/touchgfx/framework/include/touchgfx/TypedText.hpp:65:13:touchgfx::TypedText::~TypedText()	0	static
../../Middlewares/ST/touchgfx/framework/include/touchgfx/Callback.hpp:357:8:touchgfx::Callback<touchgfx::SlideTransition<touchgfx::EAST>, touchgfx::Drawable&, void, void>::~Callback()	0	static
../../Middlewares/ST/touchgfx/framework/include/touchgfx/transitions/SlideTransition.hpp:200:18:void touchgfx::SlideTransition<templateDirection>::tickMoveDrawable(touchgfx::Drawable&) [with touchgfx::Direction templateDirection = touchgfx::EAST]	4	static
../../Middlewares/ST/touchgfx/framework/include/touchgfx/transitions/SlideTransition.hpp:39:7:touchgfx::SlideTransition<touchgfx::EAST>::~SlideTransition()	0	static
../../Middlewares/ST/touchgfx/framework/include/touchgfx/transitions/NoTransition.hpp:31:7:touchgfx::NoTransition::~NoTransition()	0	static
../../Middlewares/ST/touchgfx/framework/include/touchgfx/Callback.hpp:424:8:touchgfx::Callback<FrontendApplicationBase>::~Callback()	0	static
../../Middlewares/ST/touchgfx/framework/include/touchgfx/transitions/SlideTransition.hpp:173:18:void touchgfx::SlideTransition<templateDirection>::initMoveDrawable(touchgfx::Drawable&) [with touchgfx::Direction templateDirection = touchgfx::EAST]	0	static
../../Middlewares/ST/touchgfx/framework/include/touchgfx/Callback.hpp:386:18:void touchgfx::Callback<dest_type, T1, void, void>::execute(T1) [with dest_type = touchgfx::SlideTransition<touchgfx::EAST>; T1 = touchgfx::Drawable&]	8	static
../../Middlewares/ST/touchgfx/framework/include/touchgfx/Callback.hpp:396:18:bool touchgfx::Callback<dest_type, T1, void, void>::isValid() const [with dest_type = touchgfx::SlideTransition<touchgfx::EAST>; T1 = touchgfx::Drawable&]	0	static
../../Middlewares/ST/touchgfx/framework/include/touchgfx/Callback.hpp:449:18:void touchgfx::Callback<dest_type, void, void, void>::execute() [with dest_type = FrontendApplicationBase]	4	static
../../Middlewares/ST/touchgfx/framework/include/touchgfx/Callback.hpp:459:18:bool touchgfx::Callback<dest_type, void, void, void>::isValid() const [with dest_type = FrontendApplicationBase]	0	static
../../Middlewares/ST/touchgfx/framework/include/touchgfx/transitions/NoTransition.hpp:31:7:virtual touchgfx::NoTransition::~NoTransition()	8	static
../../Middlewares/ST/touchgfx/framework/include/touchgfx/TypedText.hpp:65:13:virtual touchgfx::TypedText::~TypedText()	8	static
../../Middlewares/ST/touchgfx/framework/include/touchgfx/Callback.hpp:424:8:virtual touchgfx::Callback<FrontendApplicationBase>::~Callback()	8	static
../../Middlewares/ST/touchgfx/framework/include/mvp/MVPApplication.hpp:43:7:virtual touchgfx::MVPApplication::~MVPApplication()	8	static
../../TouchGFX/generated/gui_generated/include/gui_generated/common/FrontendApplicationBase.hpp:16:13:virtual FrontendApplicationBase::~FrontendApplicationBase()	8	static
../../Middlewares/ST/touchgfx/framework/include/touchgfx/transitions/SlideTransition.hpp:39:7:virtual touchgfx::SlideTransition<touchgfx::EAST>::~SlideTransition()	8	static
../../Middlewares/ST/touchgfx/framework/include/touchgfx/Callback.hpp:357:8:virtual touchgfx::Callback<touchgfx::SlideTransition<touchgfx::EAST>, touchgfx::Drawable&, void, void>::~Callback()	8	static
../../Middlewares/ST/touchgfx/framework/include/touchgfx/transitions/Transition.hpp:88:18:virtual void touchgfx::Transition::invalidate()	8	static
../../Middlewares/ST/touchgfx/framework/include/touchgfx/transitions/SlideTransition.hpp:146:18:void touchgfx::SlideTransition<templateDirection>::tearDown() [with touchgfx::Direction templateDirection = touchgfx::EAST]	0	static
../../Middlewares/ST/touchgfx/framework/include/touchgfx/transitions/SlideTransition.hpp:89:18:void touchgfx::SlideTransition<templateDirection>::handleTickEvent() [with touchgfx::Direction templateDirection = touchgfx::EAST]	8	static
../../Middlewares/ST/touchgfx/framework/include/mvp/MVPApplication.hpp:59:18:virtual void touchgfx::MVPApplication::handlePendingScreenTransition()	8	static
../../Middlewares/ST/touchgfx/framework/include/touchgfx/transitions/SlideTransition.hpp:154:18:void touchgfx::SlideTransition<templateDirection>::init() [with touchgfx::Direction templateDirection = touchgfx::EAST]	24	static
D:/ProjetoSTM32ECG/ECG/TouchGFX/generated/gui_generated/src/common/FrontendApplicationBase.cpp:69:6:void FrontendApplicationBase::gotoMENUScreenSlideTransitionEastImpl()	48	static
D:/ProjetoSTM32ECG/ECG/TouchGFX/generated/gui_generated/src/common/FrontendApplicationBase.cpp:35:1:FrontendApplicationBase::FrontendApplicationBase(Model&, FrontendHeap&)	24	static
D:/ProjetoSTM32ECG/ECG/TouchGFX/generated/gui_generated/src/common/FrontendApplicationBase.cpp:52:6:void FrontendApplicationBase::gotoMENUScreenNoTransition()	0	static
D:/ProjetoSTM32ECG/ECG/TouchGFX/generated/gui_generated/src/common/FrontendApplicationBase.cpp:63:6:void FrontendApplicationBase::gotoMENUScreenSlideTransitionEast()	0	static
D:/ProjetoSTM32ECG/ECG/TouchGFX/generated/gui_generated/src/common/FrontendApplicationBase.cpp:76:6:void FrontendApplicationBase::gotoInstrucoesScreenNoTransition()	0	static
D:/ProjetoSTM32ECG/ECG/TouchGFX/generated/gui_generated/src/common/FrontendApplicationBase.cpp:89:6:void FrontendApplicationBase::gotoConfiguracoesScreenNoTransition()	0	static
D:/ProjetoSTM32ECG/ECG/TouchGFX/generated/gui_generated/src/common/FrontendApplicationBase.cpp:102:6:void FrontendApplicationBase::gotoConfiguracoes_ADS1198ScreenNoTransition()	0	static
D:/ProjetoSTM32ECG/ECG/TouchGFX/generated/gui_generated/src/common/FrontendApplicationBase.cpp:115:6:void FrontendApplicationBase::gotoConfiguracoes_ExtrasScreenNoTransition()	0	static
D:/ProjetoSTM32ECG/ECG/TouchGFX/generated/gui_generated/src/common/FrontendApplicationBase.cpp:128:6:void FrontendApplicationBase::gotoCadastroScreenNoTransition()	0	static
D:/ProjetoSTM32ECG/ECG/TouchGFX/generated/gui_generated/src/common/FrontendApplicationBase.cpp:141:6:void FrontendApplicationBase::gotoNovoPacienteScreenNoTransition()	0	static
D:/ProjetoSTM32ECG/ECG/TouchGFX/generated/gui_generated/src/common/FrontendApplicationBase.cpp:154:6:void FrontendApplicationBase::gotoScreenKeyboardScreenNoTransition()	0	static
D:/ProjetoSTM32ECG/ECG/TouchGFX/generated/gui_generated/src/common/FrontendApplicationBase.cpp:167:6:void FrontendApplicationBase::gotoScreen2ScreenNoTransition()	0	static
D:/ProjetoSTM32ECG/ECG/TouchGFX/generated/gui_generated/src/common/FrontendApplicationBase.cpp:180:6:void FrontendApplicationBase::gotoScreen1ScreenNoTransition()	0	static
../../Middlewares/ST/touchgfx/framework/include/common/AbstractPartition.hpp:135:8:T& touchgfx::AbstractPartition::at(uint16_t) [with T = touchgfx::NoTransition]	0	static
D:/ProjetoSTM32ECG/ECG/TouchGFX/generated/gui_generated/src/common/FrontendApplicationBase.cpp:186:6:void FrontendApplicationBase::gotoScreen1ScreenNoTransitionImpl()	40	static
D:/ProjetoSTM32ECG/ECG/TouchGFX/generated/gui_generated/src/common/FrontendApplicationBase.cpp:173:6:void FrontendApplicationBase::gotoScreen2ScreenNoTransitionImpl()	40	static
D:/ProjetoSTM32ECG/ECG/TouchGFX/generated/gui_generated/src/common/FrontendApplicationBase.cpp:160:6:void FrontendApplicationBase::gotoScreenKeyboardScreenNoTransitionImpl()	40	static
D:/ProjetoSTM32ECG/ECG/TouchGFX/generated/gui_generated/src/common/FrontendApplicationBase.cpp:147:6:void FrontendApplicationBase::gotoNovoPacienteScreenNoTransitionImpl()	40	static
D:/ProjetoSTM32ECG/ECG/TouchGFX/generated/gui_generated/src/common/FrontendApplicationBase.cpp:134:6:void FrontendApplicationBase::gotoCadastroScreenNoTransitionImpl()	40	static
D:/ProjetoSTM32ECG/ECG/TouchGFX/generated/gui_generated/src/common/FrontendApplicationBase.cpp:121:6:void FrontendApplicationBase::gotoConfiguracoes_ExtrasScreenNoTransitionImpl()	40	static
D:/ProjetoSTM32ECG/ECG/TouchGFX/generated/gui_generated/src/common/FrontendApplicationBase.cpp:108:6:void FrontendApplicationBase::gotoConfiguracoes_ADS1198ScreenNoTransitionImpl()	40	static
D:/ProjetoSTM32ECG/ECG/TouchGFX/generated/gui_generated/src/common/FrontendApplicationBase.cpp:95:6:void FrontendApplicationBase::gotoConfiguracoesScreenNoTransitionImpl()	40	static
D:/ProjetoSTM32ECG/ECG/TouchGFX/generated/gui_generated/src/common/FrontendApplicationBase.cpp:82:6:void FrontendApplicationBase::gotoInstrucoesScreenNoTransitionImpl()	40	static
D:/ProjetoSTM32ECG/ECG/TouchGFX/generated/gui_generated/src/common/FrontendApplicationBase.cpp:58:6:void FrontendApplicationBase::gotoMENUScreenNoTransitionImpl()	40	static
D:/ProjetoSTM32ECG/ECG/TouchGFX/generated/gui_generated/src/common/FrontendApplicationBase.cpp:189:1:cpp)	0	static
