../../TouchGFX/gui/include/gui/model/ModelListener.hpp:15:18:virtual void ModelListener::SetMinMaxEscalaGraph(int16_t, int16_t)	0	static
../../TouchGFX/gui/include/gui/model/ModelListener.hpp:21:18:virtual void ModelListener::UpdateGraph(float)	0	static
../../TouchGFX/gui/include/gui/configuracoes_screen/ConfiguracoesPresenter.hpp:28:13:ConfiguracoesPresenter::~ConfiguracoesPresenter()	0	static
D:/ProjetoSTM32ECG/ECG/TouchGFX/gui/src/configuracoes_screen/ConfiguracoesPresenter.cpp:10:6:virtual void ConfiguracoesPresenter::activate()	0	static
../../TouchGFX/gui/include/gui/configuracoes_screen/ConfiguracoesPresenter.hpp:28:13:virtual ConfiguracoesPresenter::~ConfiguracoesPresenter()	8	static
D:/ProjetoSTM32ECG/ECG/TouchGFX/gui/src/configuracoes_screen/ConfiguracoesPresenter.cpp:20:6:virtual void ConfiguracoesPresenter::P_1kSPS_selected()	0	static
D:/ProjetoSTM32ECG/ECG/TouchGFX/gui/src/configuracoes_screen/ConfiguracoesPresenter.cpp:25:6:virtual void ConfiguracoesPresenter::P_500SPS_selected()	0	static
D:/ProjetoSTM32ECG/ECG/TouchGFX/gui/src/configuracoes_screen/ConfiguracoesPresenter.cpp:30:6:virtual void ConfiguracoesPresenter::P_250SPS_selected()	0	static
D:/ProjetoSTM32ECG/ECG/TouchGFX/gui/src/configuracoes_screen/ConfiguracoesPresenter.cpp:35:6:virtual void ConfiguracoesPresenter::P_125SPS_selected()	0	static
D:/ProjetoSTM32ECG/ECG/TouchGFX/gui/src/configuracoes_screen/ConfiguracoesPresenter.cpp:40:6:virtual void ConfiguracoesPresenter::P_Gain12_selected()	0	static
D:/ProjetoSTM32ECG/ECG/TouchGFX/gui/src/configuracoes_screen/ConfiguracoesPresenter.cpp:45:6:virtual void ConfiguracoesPresenter::P_Gain8_selected()	0	static
D:/ProjetoSTM32ECG/ECG/TouchGFX/gui/src/configuracoes_screen/ConfiguracoesPresenter.cpp:50:6:virtual void ConfiguracoesPresenter::P_Gain6_selected()	0	static
D:/ProjetoSTM32ECG/ECG/TouchGFX/gui/src/configuracoes_screen/ConfiguracoesPresenter.cpp:55:6:virtual void ConfiguracoesPresenter::P_Gain4_selected()	0	static
D:/ProjetoSTM32ECG/ECG/TouchGFX/gui/src/configuracoes_screen/ConfiguracoesPresenter.cpp:60:6:virtual void ConfiguracoesPresenter::P_Gain3_selected()	0	static
D:/ProjetoSTM32ECG/ECG/TouchGFX/gui/src/configuracoes_screen/ConfiguracoesPresenter.cpp:65:6:virtual void ConfiguracoesPresenter::P_Gain2_selected()	0	static
D:/ProjetoSTM32ECG/ECG/TouchGFX/gui/src/configuracoes_screen/ConfiguracoesPresenter.cpp:70:6:virtual void ConfiguracoesPresenter::P_Gain1_selected()	0	static
D:/ProjetoSTM32ECG/ECG/TouchGFX/gui/src/configuracoes_screen/ConfiguracoesPresenter.cpp:75:6:virtual void ConfiguracoesPresenter::PresenterStartRDataC()	0	static
../../TouchGFX/gui/include/gui/configuracoes_screen/ConfiguracoesPresenter.hpp:28:13:virtual void* ConfiguracoesPresenter::_ZThn4_N22ConfiguracoesPresenterD1Ev()	0	static
D:/ProjetoSTM32ECG/ECG/TouchGFX/gui/src/configuracoes_screen/ConfiguracoesPresenter.cpp:4:1:ConfiguracoesPresenter::ConfiguracoesPresenter(ConfiguracoesView&)	8	static
