../../TouchGFX/gui/include/gui/model/ModelListener.hpp:15:18:virtual void ModelListener::SetMinMaxEscalaGraph(int16_t, int16_t)	0	static
../../TouchGFX/gui/include/gui/model/ModelListener.hpp:17:18:virtual void ModelListener::UpdateScrollList()	0	static
../../TouchGFX/gui/include/gui/model/ModelListener.hpp:19:18:virtual void ModelListener::ToCadastro()	0	static
../../TouchGFX/gui/include/gui/model/ModelListener.hpp:21:18:virtual void ModelListener::AtualizarBPM()	0	static
../../TouchGFX/gui/include/gui/model/ModelListener.hpp:23:18:virtual void ModelListener::AtualizarIconHeart()	0	static
../../TouchGFX/gui/include/gui/model/ModelListener.hpp:25:18:virtual void ModelListener::GeraPopup()	0	static
../../TouchGFX/gui/include/gui/model/ModelListener.hpp:27:18:virtual void ModelListener::PreStopLoadingAnimation()	0	static
../../TouchGFX/gui/include/gui/model/ModelListener.hpp:29:18:virtual void ModelListener::DefNumRedes(uint8_t)	0	static
../../TouchGFX/gui/include/gui/model/ModelListener.hpp:31:18:virtual void ModelListener::UpdateBatChargeLevel()	0	static
../../TouchGFX/gui/include/gui/model/ModelListener.hpp:33:18:virtual void ModelListener::UpdateMatrixLOFF()	0	static
../../TouchGFX/gui/include/gui/model/ModelListener.hpp:39:18:virtual void ModelListener::UpdateGraph(float)	0	static
../../TouchGFX/gui/include/gui/configuracoes_ads1198_screen/Configuracoes_ADS1198Presenter.hpp:28:13:Configuracoes_ADS1198Presenter::~Configuracoes_ADS1198Presenter()	0	static
D:/ProjetoSTM32ECG/ECG/TouchGFX/gui/src/configuracoes_ads1198_screen/Configuracoes_ADS1198Presenter.cpp:10:6:virtual void Configuracoes_ADS1198Presenter::activate()	0	static
../../TouchGFX/gui/include/gui/configuracoes_ads1198_screen/Configuracoes_ADS1198Presenter.hpp:28:13:virtual Configuracoes_ADS1198Presenter::~Configuracoes_ADS1198Presenter()	8	static
D:/ProjetoSTM32ECG/ECG/TouchGFX/gui/src/configuracoes_ads1198_screen/Configuracoes_ADS1198Presenter.cpp:20:6:virtual void Configuracoes_ADS1198Presenter::P_1kSPS_selected()	0	static
D:/ProjetoSTM32ECG/ECG/TouchGFX/gui/src/configuracoes_ads1198_screen/Configuracoes_ADS1198Presenter.cpp:25:6:virtual void Configuracoes_ADS1198Presenter::P_500SPS_selected()	0	static
D:/ProjetoSTM32ECG/ECG/TouchGFX/gui/src/configuracoes_ads1198_screen/Configuracoes_ADS1198Presenter.cpp:30:6:virtual void Configuracoes_ADS1198Presenter::P_250SPS_selected()	0	static
D:/ProjetoSTM32ECG/ECG/TouchGFX/gui/src/configuracoes_ads1198_screen/Configuracoes_ADS1198Presenter.cpp:35:6:virtual void Configuracoes_ADS1198Presenter::P_125SPS_selected()	0	static
D:/ProjetoSTM32ECG/ECG/TouchGFX/gui/src/configuracoes_ads1198_screen/Configuracoes_ADS1198Presenter.cpp:40:6:virtual void Configuracoes_ADS1198Presenter::P_Gain12_selected()	0	static
D:/ProjetoSTM32ECG/ECG/TouchGFX/gui/src/configuracoes_ads1198_screen/Configuracoes_ADS1198Presenter.cpp:45:6:virtual void Configuracoes_ADS1198Presenter::P_Gain8_selected()	0	static
D:/ProjetoSTM32ECG/ECG/TouchGFX/gui/src/configuracoes_ads1198_screen/Configuracoes_ADS1198Presenter.cpp:50:6:virtual void Configuracoes_ADS1198Presenter::P_Gain6_selected()	0	static
D:/ProjetoSTM32ECG/ECG/TouchGFX/gui/src/configuracoes_ads1198_screen/Configuracoes_ADS1198Presenter.cpp:55:6:virtual void Configuracoes_ADS1198Presenter::P_Gain4_selected()	0	static
D:/ProjetoSTM32ECG/ECG/TouchGFX/gui/src/configuracoes_ads1198_screen/Configuracoes_ADS1198Presenter.cpp:60:6:virtual void Configuracoes_ADS1198Presenter::P_Gain3_selected()	0	static
D:/ProjetoSTM32ECG/ECG/TouchGFX/gui/src/configuracoes_ads1198_screen/Configuracoes_ADS1198Presenter.cpp:65:6:virtual void Configuracoes_ADS1198Presenter::P_Gain2_selected()	0	static
D:/ProjetoSTM32ECG/ECG/TouchGFX/gui/src/configuracoes_ads1198_screen/Configuracoes_ADS1198Presenter.cpp:70:6:virtual void Configuracoes_ADS1198Presenter::P_Gain1_selected()	0	static
D:/ProjetoSTM32ECG/ECG/TouchGFX/gui/src/configuracoes_ads1198_screen/Configuracoes_ADS1198Presenter.cpp:75:6:virtual void Configuracoes_ADS1198Presenter::PresenterStartRDataC()	0	static
D:/ProjetoSTM32ECG/ECG/TouchGFX/gui/src/configuracoes_ads1198_screen/Configuracoes_ADS1198Presenter.cpp:80:6:virtual void Configuracoes_ADS1198Presenter::PresenterSetModoNormal()	0	static
D:/ProjetoSTM32ECG/ECG/TouchGFX/gui/src/configuracoes_ads1198_screen/Configuracoes_ADS1198Presenter.cpp:85:6:virtual void Configuracoes_ADS1198Presenter::PresenterSetModoTeste()	0	static
D:/ProjetoSTM32ECG/ECG/TouchGFX/gui/src/configuracoes_ads1198_screen/Configuracoes_ADS1198Presenter.cpp:90:6:virtual void Configuracoes_ADS1198Presenter::PresenterSetModoMensRuido()	0	static
D:/ProjetoSTM32ECG/ECG/TouchGFX/gui/src/configuracoes_ads1198_screen/Configuracoes_ADS1198Presenter.cpp:95:6:virtual void Configuracoes_ADS1198Presenter::P_LOFF_off()	0	static
D:/ProjetoSTM32ECG/ECG/TouchGFX/gui/src/configuracoes_ads1198_screen/Configuracoes_ADS1198Presenter.cpp:100:6:virtual void Configuracoes_ADS1198Presenter::P_LOFF_DCResistor()	0	static
D:/ProjetoSTM32ECG/ECG/TouchGFX/gui/src/configuracoes_ads1198_screen/Configuracoes_ADS1198Presenter.cpp:105:6:virtual void Configuracoes_ADS1198Presenter::P_LOFF_DCSource()	0	static
D:/ProjetoSTM32ECG/ECG/TouchGFX/gui/src/configuracoes_ads1198_screen/Configuracoes_ADS1198Presenter.cpp:110:6:virtual void Configuracoes_ADS1198Presenter::P_LOFF_AC()	0	static
../../TouchGFX/gui/include/gui/configuracoes_ads1198_screen/Configuracoes_ADS1198Presenter.hpp:28:13:virtual void* Configuracoes_ADS1198Presenter::_ZThn4_N30Configuracoes_ADS1198PresenterD1Ev()	0	static
D:/ProjetoSTM32ECG/ECG/TouchGFX/gui/src/configuracoes_ads1198_screen/Configuracoes_ADS1198Presenter.cpp:4:1:Configuracoes_ADS1198Presenter::Configuracoes_ADS1198Presenter(Configuracoes_ADS1198View&)	8	static
