../../Middlewares/ST/touchgfx/framework/include/touchgfx/Drawable.hpp:315:18:virtual void touchgfx::Drawable::setX(int16_t)	0	static
../../Middlewares/ST/touchgfx/framework/include/touchgfx/Drawable.hpp:327:18:virtual void touchgfx::Drawable::setY(int16_t)	0	static
../../Middlewares/ST/touchgfx/framework/include/touchgfx/Drawable.hpp:356:18:virtual void touchgfx::Drawable::setWidth(int16_t)	0	static
../../Middlewares/ST/touchgfx/framework/include/touchgfx/Drawable.hpp:368:18:virtual void touchgfx::Drawable::setHeight(int16_t)	0	static
../../Middlewares/ST/touchgfx/framework/include/touchgfx/Drawable.hpp:378:18:virtual void touchgfx::Drawable::childGeometryChanged()	0	static
../../Middlewares/ST/touchgfx/framework/include/touchgfx/Drawable.hpp:389:18:virtual void touchgfx::Drawable::handleClickEvent(const touchgfx::ClickEvent&)	0	static
../../Middlewares/ST/touchgfx/framework/include/touchgfx/Drawable.hpp:400:18:virtual void touchgfx::Drawable::handleGestureEvent(const touchgfx::GestureEvent&)	0	static
../../Middlewares/ST/touchgfx/framework/include/touchgfx/Drawable.hpp:488:18:virtual void touchgfx::Drawable::handleDragEvent(const touchgfx::DragEvent&)	0	static
../../Middlewares/ST/touchgfx/framework/include/touchgfx/Drawable.hpp:498:18:virtual void touchgfx::Drawable::handleTickEvent()	0	static
../../Middlewares/ST/touchgfx/framework/include/touchgfx/Drawable.hpp:585:18:virtual void touchgfx::Drawable::moveTo(int16_t, int16_t)	4	static
../../Middlewares/ST/touchgfx/framework/include/touchgfx/containers/Container.hpp:165:23:virtual touchgfx::Drawable* touchgfx::Container::getFirstChild()	0	static
../../TouchGFX/gui/include/gui/containers/ContainerConexaoWIFI.hpp:10:13:ContainerConexaoWIFI::~ContainerConexaoWIFI()	0	static
D:/ProjetoSTM32ECG/ECG/TouchGFX/gui/src/containers/ContainerConexaoWIFI.cpp:24:6:virtual void ContainerConexaoWIFI::initialize()	0	static
../../TouchGFX/gui/include/gui/containers/ContainerConexaoWIFI.hpp:10:13:virtual ContainerConexaoWIFI::~ContainerConexaoWIFI()	8	static
D:/ProjetoSTM32ECG/ECG/TouchGFX/gui/src/containers/ContainerConexaoWIFI.cpp:19:1:ContainerConexaoWIFI::ContainerConexaoWIFI()	8	static
D:/ProjetoSTM32ECG/ECG/TouchGFX/gui/src/containers/ContainerConexaoWIFI.cpp:30:6:void ContainerConexaoWIFI::setListElements(int)	8	static
