../../TouchGFX/gui/include/gui/model/ModelListener.hpp:15:18:virtual void ModelListener::SetMinMaxEscalaGraph(int16_t, int16_t)	0	static
../../TouchGFX/gui/include/gui/model/ModelListener.hpp:17:18:virtual void ModelListener::UpdateScrollList()	0	static
../../TouchGFX/gui/include/gui/model/ModelListener.hpp:19:18:virtual void ModelListener::ToCadastro()	0	static
../../TouchGFX/gui/include/gui/model/ModelListener.hpp:21:18:virtual void ModelListener::AtualizarBPM()	0	static
../../TouchGFX/gui/include/gui/model/ModelListener.hpp:23:18:virtual void ModelListener::AtualizarIconHeart()	0	static
../../TouchGFX/gui/include/gui/model/ModelListener.hpp:25:18:virtual void ModelListener::GeraPopup()	0	static
../../TouchGFX/gui/include/gui/model/ModelListener.hpp:27:18:virtual void ModelListener::PreStopLoadingAnimation()	0	static
../../TouchGFX/gui/include/gui/model/ModelListener.hpp:29:18:virtual void ModelListener::DefNumRedes(uint8_t)	0	static
../../TouchGFX/gui/include/gui/model/ModelListener.hpp:33:18:virtual void ModelListener::UpdateMatrixLOFF()	0	static
../../TouchGFX/gui/include/gui/model/ModelListener.hpp:39:18:virtual void ModelListener::UpdateGraph(float)	0	static
../../TouchGFX/gui/include/gui/menu_screen/MENUPresenter.hpp:30:13:MENUPresenter::~MENUPresenter()	0	static
D:/ProjetoSTM32ECG/ECG/TouchGFX/gui/src/menu_screen/MENUPresenter.cpp:10:6:virtual void MENUPresenter::activate()	0	static
D:/ProjetoSTM32ECG/ECG/TouchGFX/gui/src/menu_screen/MENUPresenter.cpp:20:6:virtual void MENUPresenter::UpdateBatChargeLevel()	0	static
../../TouchGFX/gui/include/gui/menu_screen/MENUPresenter.hpp:30:13:virtual MENUPresenter::~MENUPresenter()	8	static
../../TouchGFX/gui/include/gui/menu_screen/MENUPresenter.hpp:30:13:virtual void* MENUPresenter::_ZThn4_N13MENUPresenterD1Ev()	0	static
D:/ProjetoSTM32ECG/ECG/TouchGFX/gui/src/menu_screen/MENUPresenter.cpp:4:1:MENUPresenter::MENUPresenter(MENUView&)	8	static
