D:/ProjetoSTM32ECG/ECG/TouchGFX/gui/src/model/Model.cpp:94:1:Model::Model()	0	static
D:/ProjetoSTM32ECG/ECG/TouchGFX/gui/src/model/Model.cpp:99:6:void Model::tick()	32	static
D:/ProjetoSTM32ECG/ECG/TouchGFX/gui/src/model/Model.cpp:175:6:void Model::M_1kSPS_selected()	8	static
D:/ProjetoSTM32ECG/ECG/TouchGFX/gui/src/model/Model.cpp:184:6:void Model::M_500SPS_selected()	8	static
D:/ProjetoSTM32ECG/ECG/TouchGFX/gui/src/model/Model.cpp:192:6:void Model::M_250SPS_selected()	8	static
D:/ProjetoSTM32ECG/ECG/TouchGFX/gui/src/model/Model.cpp:200:6:void Model::M_125SPS_selected()	8	static
D:/ProjetoSTM32ECG/ECG/TouchGFX/gui/src/model/Model.cpp:208:6:void Model::M_Gain12_selected()	0	static
D:/ProjetoSTM32ECG/ECG/TouchGFX/gui/src/model/Model.cpp:217:6:void Model::M_Gain8_selected()	0	static
D:/ProjetoSTM32ECG/ECG/TouchGFX/gui/src/model/Model.cpp:226:6:void Model::M_Gain6_selected()	0	static
D:/ProjetoSTM32ECG/ECG/TouchGFX/gui/src/model/Model.cpp:235:6:void Model::M_Gain4_selected()	0	static
D:/ProjetoSTM32ECG/ECG/TouchGFX/gui/src/model/Model.cpp:244:6:void Model::M_Gain3_selected()	0	static
D:/ProjetoSTM32ECG/ECG/TouchGFX/gui/src/model/Model.cpp:253:6:void Model::M_Gain2_selected()	0	static
D:/ProjetoSTM32ECG/ECG/TouchGFX/gui/src/model/Model.cpp:262:6:void Model::M_Gain1_selected()	0	static
D:/ProjetoSTM32ECG/ECG/TouchGFX/gui/src/model/Model.cpp:271:6:void Model::StartRDataC()	8	static
D:/ProjetoSTM32ECG/ECG/TouchGFX/gui/src/model/Model.cpp:278:6:void Model::StopRDataC()	8	static
D:/ProjetoSTM32ECG/ECG/TouchGFX/gui/src/model/Model.cpp:284:6:void Model::AjusteEscala()	8	static
D:/ProjetoSTM32ECG/ECG/TouchGFX/gui/src/model/Model.cpp:300:6:void Model::SetModoNormal()	4	static
D:/ProjetoSTM32ECG/ECG/TouchGFX/gui/src/model/Model.cpp:309:6:void Model::SetModoTeste()	4	static
D:/ProjetoSTM32ECG/ECG/TouchGFX/gui/src/model/Model.cpp:318:6:void Model::SetModoMensRuido()	4	static
D:/ProjetoSTM32ECG/ECG/TouchGFX/gui/src/model/Model.cpp:327:6:void Model::M_InitESP()	0	static
D:/ProjetoSTM32ECG/ECG/TouchGFX/gui/src/model/Model.cpp:333:6:void Model::WiFiESP_OFF()	0	static
D:/ProjetoSTM32ECG/ECG/TouchGFX/gui/src/model/Model.cpp:338:6:void Model::AtualizarListaRedes()	0	static
D:/ProjetoSTM32ECG/ECG/TouchGFX/gui/src/model/Model.cpp:343:6:void Model::NextDerivSelect()	0	static
D:/ProjetoSTM32ECG/ECG/TouchGFX/gui/src/model/Model.cpp:350:6:void Model::BackDerivSelect()	0	static
D:/ProjetoSTM32ECG/ECG/TouchGFX/gui/src/model/Model.cpp:357:6:void Model::MConnectWifi()	0	static
D:/ProjetoSTM32ECG/ECG/TouchGFX/gui/src/model/Model.cpp:362:6:void Model::TransmiteWifiECG()	0	static
D:/ProjetoSTM32ECG/ECG/TouchGFX/gui/src/model/Model.cpp:368:6:void Model::CalcularBPM()	0	static
D:/ProjetoSTM32ECG/ECG/TouchGFX/gui/src/model/Model.cpp:374:6:void Model::StopPanTompkins()	0	static
D:/ProjetoSTM32ECG/ECG/TouchGFX/gui/src/model/Model.cpp:380:6:void Model::Config12Dev()	0	static
D:/ProjetoSTM32ECG/ECG/TouchGFX/gui/src/model/Model.cpp:385:6:void Model::Config3Dev()	0	static
D:/ProjetoSTM32ECG/ECG/TouchGFX/gui/src/model/Model.cpp:390:6:void Model::Set_LOFF_off()	0	static
D:/ProjetoSTM32ECG/ECG/TouchGFX/gui/src/model/Model.cpp:395:6:void Model::Set_LOFF_DCResistor()	0	static
D:/ProjetoSTM32ECG/ECG/TouchGFX/gui/src/model/Model.cpp:400:6:void Model::Set_LOFF_DCSource()	0	static
D:/ProjetoSTM32ECG/ECG/TouchGFX/gui/src/model/Model.cpp:405:6:void Model::Set_LOFF_AC()	0	static
