D:/ProjetoSTM32ECG/ECG/TouchGFX/gui/src/model/Model.cpp:102:1:Model::Model()	0	static
D:/ProjetoSTM32ECG/ECG/TouchGFX/gui/src/model/Model.cpp:107:6:void Model::tick()	32	static
D:/ProjetoSTM32ECG/ECG/TouchGFX/gui/src/model/Model.cpp:183:6:void Model::M_1kSPS_selected()	8	static
D:/ProjetoSTM32ECG/ECG/TouchGFX/gui/src/model/Model.cpp:191:6:void Model::M_500SPS_selected()	8	static
D:/ProjetoSTM32ECG/ECG/TouchGFX/gui/src/model/Model.cpp:199:6:void Model::M_250SPS_selected()	8	static
D:/ProjetoSTM32ECG/ECG/TouchGFX/gui/src/model/Model.cpp:207:6:void Model::M_125SPS_selected()	8	static
D:/ProjetoSTM32ECG/ECG/TouchGFX/gui/src/model/Model.cpp:215:6:void Model::M_Gain12_selected()	0	static
D:/ProjetoSTM32ECG/ECG/TouchGFX/gui/src/model/Model.cpp:224:6:void Model::M_Gain8_selected()	0	static
D:/ProjetoSTM32ECG/ECG/TouchGFX/gui/src/model/Model.cpp:233:6:void Model::M_Gain6_selected()	0	static
D:/ProjetoSTM32ECG/ECG/TouchGFX/gui/src/model/Model.cpp:242:6:void Model::M_Gain4_selected()	0	static
D:/ProjetoSTM32ECG/ECG/TouchGFX/gui/src/model/Model.cpp:251:6:void Model::M_Gain3_selected()	0	static
D:/ProjetoSTM32ECG/ECG/TouchGFX/gui/src/model/Model.cpp:260:6:void Model::M_Gain2_selected()	0	static
D:/ProjetoSTM32ECG/ECG/TouchGFX/gui/src/model/Model.cpp:269:6:void Model::M_Gain1_selected()	0	static
D:/ProjetoSTM32ECG/ECG/TouchGFX/gui/src/model/Model.cpp:278:6:void Model::StartRDataC()	8	static
D:/ProjetoSTM32ECG/ECG/TouchGFX/gui/src/model/Model.cpp:285:6:void Model::StopRDataC()	8	static
D:/ProjetoSTM32ECG/ECG/TouchGFX/gui/src/model/Model.cpp:291:6:void Model::AjusteEscala()	8	static
D:/ProjetoSTM32ECG/ECG/TouchGFX/gui/src/model/Model.cpp:307:6:void Model::SetModoNormal()	4	static
D:/ProjetoSTM32ECG/ECG/TouchGFX/gui/src/model/Model.cpp:316:6:void Model::SetModoTeste()	4	static
D:/ProjetoSTM32ECG/ECG/TouchGFX/gui/src/model/Model.cpp:325:6:void Model::SetModoMensRuido()	4	static
D:/ProjetoSTM32ECG/ECG/TouchGFX/gui/src/model/Model.cpp:334:6:void Model::M_InitESP()	0	static
D:/ProjetoSTM32ECG/ECG/TouchGFX/gui/src/model/Model.cpp:340:6:void Model::WiFiESP_OFF()	0	static
D:/ProjetoSTM32ECG/ECG/TouchGFX/gui/src/model/Model.cpp:345:6:void Model::AtualizarListaRedes()	0	static
D:/ProjetoSTM32ECG/ECG/TouchGFX/gui/src/model/Model.cpp:350:6:void Model::NextDerivSelect()	0	static
D:/ProjetoSTM32ECG/ECG/TouchGFX/gui/src/model/Model.cpp:357:6:void Model::BackDerivSelect()	0	static
D:/ProjetoSTM32ECG/ECG/TouchGFX/gui/src/model/Model.cpp:364:6:void Model::MConnectWifi()	0	static
D:/ProjetoSTM32ECG/ECG/TouchGFX/gui/src/model/Model.cpp:369:6:void Model::SalvarECGnoSD()	0	static
D:/ProjetoSTM32ECG/ECG/TouchGFX/gui/src/model/Model.cpp:377:6:void Model::CalcularBPM()	0	static
D:/ProjetoSTM32ECG/ECG/TouchGFX/gui/src/model/Model.cpp:383:6:void Model::StopPanTompkins()	0	static
D:/ProjetoSTM32ECG/ECG/TouchGFX/gui/src/model/Model.cpp:389:6:void Model::Config12Dev()	0	static
D:/ProjetoSTM32ECG/ECG/TouchGFX/gui/src/model/Model.cpp:394:6:void Model::Config3Dev()	0	static
D:/ProjetoSTM32ECG/ECG/TouchGFX/gui/src/model/Model.cpp:399:6:void Model::Set_LOFF_off()	0	static
D:/ProjetoSTM32ECG/ECG/TouchGFX/gui/src/model/Model.cpp:404:6:void Model::Set_LOFF_DCResistor()	0	static
D:/ProjetoSTM32ECG/ECG/TouchGFX/gui/src/model/Model.cpp:409:6:void Model::Set_LOFF_DCSource()	0	static
D:/ProjetoSTM32ECG/ECG/TouchGFX/gui/src/model/Model.cpp:414:6:void Model::Set_LOFF_AC()	0	static
D:/ProjetoSTM32ECG/ECG/TouchGFX/gui/src/model/Model.cpp:419:6:void Model::ToggleFIltro60()	0	static
D:/ProjetoSTM32ECG/ECG/TouchGFX/gui/src/model/Model.cpp:425:6:void Model::ToggleFIltroBW()	0	static
