../../TouchGFX/gui/include/gui/model/ModelListener.hpp:15:18:virtual void ModelListener::SetMinMaxEscalaGraph(int16_t, int16_t)	0	static
../../TouchGFX/gui/include/gui/model/ModelListener.hpp:17:18:virtual void ModelListener::UpdateScrollList()	0	static
../../TouchGFX/gui/include/gui/model/ModelListener.hpp:19:18:virtual void ModelListener::ToCadastro()	0	static
../../TouchGFX/gui/include/gui/model/ModelListener.hpp:21:18:virtual void ModelListener::AtualizarBPM()	0	static
../../TouchGFX/gui/include/gui/model/ModelListener.hpp:23:18:virtual void ModelListener::AtualizarIconHeart()	0	static
../../TouchGFX/gui/include/gui/model/ModelListener.hpp:25:18:virtual void ModelListener::GeraPopup()	0	static
../../TouchGFX/gui/include/gui/model/ModelListener.hpp:27:18:virtual void ModelListener::PreStopLoadingAnimation()	0	static
../../TouchGFX/gui/include/gui/model/ModelListener.hpp:29:18:virtual void ModelListener::DefNumRedes(uint8_t)	0	static
../../TouchGFX/gui/include/gui/model/ModelListener.hpp:31:18:virtual void ModelListener::UpdateBatChargeLevel()	0	static
../../TouchGFX/gui/include/gui/model/ModelListener.hpp:33:18:virtual void ModelListener::UpdateMatrixLOFF()	0	static
../../TouchGFX/gui/include/gui/model/ModelListener.hpp:39:18:virtual void ModelListener::UpdateGraph(float)	0	static
../../TouchGFX/gui/include/gui/novopaciente_screen/NovoPacientePresenter.hpp:28:13:NovoPacientePresenter::~NovoPacientePresenter()	0	static
../../Middlewares/ST/touchgfx/framework/include/touchgfx/TypedText.hpp:65:13:touchgfx::TypedText::~TypedText()	0	static
D:/ProjetoSTM32ECG/ECG/TouchGFX/gui/src/novopaciente_screen/NovoPacientePresenter.cpp:10:6:virtual void NovoPacientePresenter::activate()	0	static
../../TouchGFX/gui/include/gui/novopaciente_screen/NovoPacientePresenter.hpp:28:13:virtual NovoPacientePresenter::~NovoPacientePresenter()	8	static
../../Middlewares/ST/touchgfx/framework/include/touchgfx/TypedText.hpp:65:13:virtual touchgfx::TypedText::~TypedText()	8	static
../../TouchGFX/gui/include/gui/novopaciente_screen/NovoPacientePresenter.hpp:28:13:virtual void* NovoPacientePresenter::_ZThn4_N21NovoPacientePresenterD1Ev()	0	static
D:/ProjetoSTM32ECG/ECG/TouchGFX/gui/src/novopaciente_screen/NovoPacientePresenter.cpp:4:1:NovoPacientePresenter::NovoPacientePresenter(NovoPacienteView&)	8	static
D:/ProjetoSTM32ECG/ECG/TouchGFX/gui/src/novopaciente_screen/NovoPacientePresenter.cpp:18:1:cpp)	0	static
