../../Middlewares/ST/touchgfx/framework/include/touchgfx/Screen.hpp:104:18:virtual void touchgfx::Screen::afterTransition()	0	static
../../Middlewares/ST/touchgfx/framework/include/touchgfx/Screen.hpp:144:18:virtual void touchgfx::Screen::handleTickEvent()	0	static
../../Middlewares/ST/touchgfx/framework/include/touchgfx/Screen.hpp:154:18:virtual void touchgfx::Screen::handleKeyEvent(uint8_t)	0	static
../../Middlewares/ST/touchgfx/framework/include/touchgfx/TypedText.hpp:65:13:touchgfx::TypedText::~TypedText()	0	static
../../TouchGFX/generated/gui_generated/include/gui_generated/novopaciente_screen/NovoPacienteViewBase.hpp:75:18:virtual void NovoPacienteViewBase::InfoSalvar()	0	static
../../TouchGFX/gui/include/gui/novopaciente_screen/NovoPacienteView.hpp:13:13:NovoPacienteView::~NovoPacienteView()	0	static
D:/ProjetoSTM32ECG/ECG/TouchGFX/gui/src/novopaciente_screen/NovoPacienteView.cpp:61:6:virtual void NovoPacienteView::tearDownScreen()	0	static
D:/ProjetoSTM32ECG/ECG/TouchGFX/gui/src/novopaciente_screen/NovoPacienteView.cpp:172:6:virtual void NovoPacienteView::MaculinoSelected()	0	static
D:/ProjetoSTM32ECG/ECG/TouchGFX/gui/src/novopaciente_screen/NovoPacienteView.cpp:177:6:virtual void NovoPacienteView::FemininoSelected()	0	static
D:/ProjetoSTM32ECG/ECG/TouchGFX/gui/src/novopaciente_screen/NovoPacienteView.cpp:56:6:virtual void NovoPacienteView::setupScreen()	0	static
D:/ProjetoSTM32ECG/ECG/TouchGFX/gui/src/novopaciente_screen/NovoPacienteView.cpp:207:6:virtual void NovoPacienteView::LimpaDados()	24	static
../../Middlewares/ST/touchgfx/framework/include/touchgfx/TypedText.hpp:65:13:virtual touchgfx::TypedText::~TypedText()	8	static
../../TouchGFX/gui/include/gui/novopaciente_screen/NovoPacienteView.hpp:13:13:virtual NovoPacienteView::~NovoPacienteView()	8	static
D:/ProjetoSTM32ECG/ECG/TouchGFX/gui/src/novopaciente_screen/NovoPacienteView.cpp:26:1:NovoPacienteView::NovoPacienteView()	24	static
D:/ProjetoSTM32ECG/ECG/TouchGFX/gui/src/novopaciente_screen/NovoPacienteView.cpp:182:6:void NovoPacienteView::AbrirTeclado()	8	static
D:/ProjetoSTM32ECG/ECG/TouchGFX/gui/src/novopaciente_screen/NovoPacienteView.cpp:118:6:virtual void NovoPacienteView::NewNamePacient()	8	static
D:/ProjetoSTM32ECG/ECG/TouchGFX/gui/src/novopaciente_screen/NovoPacienteView.cpp:127:6:virtual void NovoPacienteView::NewSobrenomePacient()	8	static
D:/ProjetoSTM32ECG/ECG/TouchGFX/gui/src/novopaciente_screen/NovoPacienteView.cpp:136:6:virtual void NovoPacienteView::NewContatoPacient()	8	static
D:/ProjetoSTM32ECG/ECG/TouchGFX/gui/src/novopaciente_screen/NovoPacienteView.cpp:145:6:virtual void NovoPacienteView::NewDataNascDia()	8	static
D:/ProjetoSTM32ECG/ECG/TouchGFX/gui/src/novopaciente_screen/NovoPacienteView.cpp:154:6:virtual void NovoPacienteView::NewDataNascMes()	8	static
D:/ProjetoSTM32ECG/ECG/TouchGFX/gui/src/novopaciente_screen/NovoPacienteView.cpp:163:6:virtual void NovoPacienteView::NewDataNascAno()	8	static
D:/ProjetoSTM32ECG/ECG/TouchGFX/gui/src/novopaciente_screen/NovoPacienteView.cpp:194:6:void NovoPacienteView::FecharTeclado()	16	static
D:/ProjetoSTM32ECG/ECG/TouchGFX/gui/src/novopaciente_screen/NovoPacienteView.cpp:71:6:virtual void NovoPacienteView::SalvarDadosTeclado()	16	static
D:/ProjetoSTM32ECG/ECG/TouchGFX/gui/src/novopaciente_screen/NovoPacienteView.cpp:245:1:cpp)	0	static
