../../Middlewares/ST/touchgfx/framework/include/touchgfx/Screen.hpp:104:18:virtual void touchgfx::Screen::afterTransition()	0	static
../../Middlewares/ST/touchgfx/framework/include/touchgfx/Screen.hpp:144:18:virtual void touchgfx::Screen::handleTickEvent()	0	static
../../Middlewares/ST/touchgfx/framework/include/touchgfx/Screen.hpp:154:18:virtual void touchgfx::Screen::handleKeyEvent(uint8_t)	0	static
../../Middlewares/ST/touchgfx/framework/include/touchgfx/TypedText.hpp:65:13:touchgfx::TypedText::~TypedText()	0	static
../../TouchGFX/gui/include/gui/screen1_screen/Screen1View.hpp:11:13:Screen1View::~Screen1View()	0	static
D:/ProjetoSTM32ECG/ECG/TouchGFX/gui/src/screen1_screen/Screen1View.cpp:63:6:virtual void Screen1View::tearDownScreen()	0	static
D:/ProjetoSTM32ECG/ECG/TouchGFX/gui/src/screen1_screen/Screen1View.cpp:74:6:virtual void Screen1View::StopData()	8	static
D:/ProjetoSTM32ECG/ECG/TouchGFX/gui/src/screen1_screen/Screen1View.cpp:80:6:virtual void Screen1View::AjusteEscala()	0	static
D:/ProjetoSTM32ECG/ECG/TouchGFX/gui/src/screen1_screen/Screen1View.cpp:90:6:virtual void Screen1View::BackDeriv()	8	static
D:/ProjetoSTM32ECG/ECG/TouchGFX/gui/src/screen1_screen/Screen1View.cpp:97:6:virtual void Screen1View::NextDeriv()	8	static
D:/ProjetoSTM32ECG/ECG/TouchGFX/gui/src/screen1_screen/Screen1View.cpp:175:6:virtual void Screen1View::FechaPopup()	8	static
D:/ProjetoSTM32ECG/ECG/TouchGFX/gui/src/screen1_screen/Screen1View.cpp:221:6:virtual void Screen1View::FechaStatLead()	0	static
D:/ProjetoSTM32ECG/ECG/TouchGFX/gui/src/screen1_screen/Screen1View.cpp:229:6:virtual void Screen1View::AbreStatLead()	16	static
D:/ProjetoSTM32ECG/ECG/TouchGFX/gui/src/screen1_screen/Screen1View.cpp:103:6:virtual void Screen1View::WifiECG()	16	static
D:/ProjetoSTM32ECG/ECG/TouchGFX/gui/src/screen1_screen/Screen1View.cpp:113:6:virtual void Screen1View::AtualizaTextDerv()	16	static
../../Middlewares/ST/touchgfx/framework/include/touchgfx/TypedText.hpp:65:13:virtual touchgfx::TypedText::~TypedText()	8	static
../../TouchGFX/gui/include/gui/screen1_screen/Screen1View.hpp:11:13:virtual Screen1View::~Screen1View()	8	static
D:/ProjetoSTM32ECG/ECG/TouchGFX/gui/src/screen1_screen/Screen1View.cpp:195:6:virtual void Screen1View::PopUp()	16	static
D:/ProjetoSTM32ECG/ECG/TouchGFX/gui/src/screen1_screen/Screen1View.cpp:206:6:virtual void Screen1View::StopLoadingAnimation()	16	static
D:/ProjetoSTM32ECG/ECG/TouchGFX/gui/src/screen1_screen/Screen1View.cpp:46:6:virtual void Screen1View::setupScreen()	8	static
D:/ProjetoSTM32ECG/ECG/TouchGFX/gui/src/screen1_screen/Screen1View.cpp:85:6:virtual void Screen1View::SetMinMaxEscalaGraph(int16_t, int16_t)	0	static
D:/ProjetoSTM32ECG/ECG/TouchGFX/gui/src/screen1_screen/Screen1View.cpp:30:1:Screen1View::Screen1View()	16	static
D:/ProjetoSTM32ECG/ECG/TouchGFX/gui/src/screen1_screen/Screen1View.cpp:68:6:void Screen1View::UpdateGraph(float)	0	static
D:/ProjetoSTM32ECG/ECG/TouchGFX/gui/src/screen1_screen/Screen1View.cpp:161:6:void Screen1View::AtualizaBPM()	8	static
D:/ProjetoSTM32ECG/ECG/TouchGFX/gui/src/screen1_screen/Screen1View.cpp:169:6:void Screen1View::AtualizaIconHeart()	0	static
D:/ProjetoSTM32ECG/ECG/TouchGFX/gui/src/screen1_screen/Screen1View.cpp:215:6:void Screen1View::MUpdateMatrixLOFF()	8	static
