../../Middlewares/ST/touchgfx/framework/include/touchgfx/Screen.hpp:104:18:virtual void touchgfx::Screen::afterTransition()	0	static
../../Middlewares/ST/touchgfx/framework/include/touchgfx/Screen.hpp:144:18:virtual void touchgfx::Screen::handleTickEvent()	0	static
../../Middlewares/ST/touchgfx/framework/include/touchgfx/Screen.hpp:154:18:virtual void touchgfx::Screen::handleKeyEvent(uint8_t)	0	static
../../Middlewares/ST/touchgfx/framework/include/touchgfx/TypedText.hpp:65:13:touchgfx::TypedText::~TypedText()	0	static
../../TouchGFX/gui/include/gui/screenkeyboard_screen/ScreenKeyboardView.hpp:13:13:ScreenKeyboardView::~ScreenKeyboardView()	0	static
D:/ProjetoSTM32ECG/ECG/TouchGFX/gui/src/screenkeyboard_screen/ScreenKeyboardView.cpp:34:6:virtual void ScreenKeyboardView::tearDownScreen()	0	static
D:/ProjetoSTM32ECG/ECG/TouchGFX/gui/src/screenkeyboard_screen/ScreenKeyboardView.cpp:29:6:virtual void ScreenKeyboardView::setupScreen()	0	static
D:/ProjetoSTM32ECG/ECG/TouchGFX/gui/src/screenkeyboard_screen/ScreenKeyboardView.cpp:39:6:virtual void ScreenKeyboardView::getBuffer()	24	static
D:/ProjetoSTM32ECG/ECG/TouchGFX/gui/src/screenkeyboard_screen/ScreenKeyboardView.cpp:53:6:virtual void ScreenKeyboardView::FechaPopup()	8	static
D:/ProjetoSTM32ECG/ECG/TouchGFX/gui/src/screenkeyboard_screen/ScreenKeyboardView.cpp:79:6:virtual void ScreenKeyboardView::PopUp()	24	static
../../Middlewares/ST/touchgfx/framework/include/touchgfx/TypedText.hpp:65:13:virtual touchgfx::TypedText::~TypedText()	8	static
../../TouchGFX/gui/include/gui/screenkeyboard_screen/ScreenKeyboardView.hpp:13:13:virtual ScreenKeyboardView::~ScreenKeyboardView()	8	static
D:/ProjetoSTM32ECG/ECG/TouchGFX/gui/src/screenkeyboard_screen/ScreenKeyboardView.cpp:19:1:ScreenKeyboardView::ScreenKeyboardView()	32	static
D:/ProjetoSTM32ECG/ECG/TouchGFX/gui/src/screenkeyboard_screen/ScreenKeyboardView.cpp:95:1:cpp)	0	static
