../../TouchGFX/gui/include/gui/model/ModelListener.hpp:15:18:virtual void ModelListener::SetMinMaxEscalaGraph(int16_t, int16_t)	0	static
../../TouchGFX/gui/include/gui/model/ModelListener.hpp:21:18:virtual void ModelListener::UpdateGraph(float)	0	static
../../TouchGFX/gui/include/gui/screen2_screen/Screen2Presenter.hpp:28:13:Screen2Presenter::~Screen2Presenter()	0	static
D:/ProjetoSTM32ECG/ECG/TouchGFX/gui/src/screen2_screen/Screen2Presenter.cpp:10:6:virtual void Screen2Presenter::activate()	0	static
../../TouchGFX/gui/include/gui/screen2_screen/Screen2Presenter.hpp:28:13:virtual Screen2Presenter::~Screen2Presenter()	8	static
D:/ProjetoSTM32ECG/ECG/TouchGFX/gui/src/screen2_screen/Screen2Presenter.cpp:20:6:virtual void Screen2Presenter::PresenterStartRead()	0	static
../../TouchGFX/gui/include/gui/screen2_screen/Screen2Presenter.hpp:28:13:virtual void* Screen2Presenter::_ZThn4_N16Screen2PresenterD1Ev()	0	static
D:/ProjetoSTM32ECG/ECG/TouchGFX/gui/src/screen2_screen/Screen2Presenter.cpp:4:1:Screen2Presenter::Screen2Presenter(Screen2View&)	8	static
