../../TouchGFX/gui/include/gui/screen1_screen/Screen1Presenter.hpp:28:13:Screen1Presenter::~Screen1Presenter()	0	static
D:/ProjetoSTM32ECG/ECG/TouchGFX/gui/src/screen1_screen/Screen1Presenter.cpp:10:6:virtual void Screen1Presenter::activate()	0	static
D:/ProjetoSTM32ECG/ECG/TouchGFX/gui/src/screen1_screen/Screen1Presenter.cpp:35:6:virtual void Screen1Presenter::SetMinMaxEscalaGraph(int16_t, int16_t)	0	static
../../TouchGFX/gui/include/gui/screen1_screen/Screen1Presenter.hpp:28:13:virtual Screen1Presenter::~Screen1Presenter()	8	static
D:/ProjetoSTM32ECG/ECG/TouchGFX/gui/src/screen1_screen/Screen1Presenter.cpp:20:6:virtual void Screen1Presenter::UpdateGraph(float)	0	static
D:/ProjetoSTM32ECG/ECG/TouchGFX/gui/src/screen1_screen/Screen1Presenter.cpp:25:6:virtual void Screen1Presenter::PresenterStopData()	0	static
D:/ProjetoSTM32ECG/ECG/TouchGFX/gui/src/screen1_screen/Screen1Presenter.cpp:30:6:virtual void Screen1Presenter::PresenterAjusteEscala()	0	static
../../TouchGFX/gui/include/gui/screen1_screen/Screen1Presenter.hpp:28:13:virtual void* Screen1Presenter::_ZThn4_N16Screen1PresenterD1Ev()	0	static
D:/ProjetoSTM32ECG/ECG/TouchGFX/gui/src/screen1_screen/Screen1Presenter.cpp:4:1:Screen1Presenter::Screen1Presenter(Screen1View&)	8	static
