D:/ProjetoSTM32ECG/ECG/Core/Src/main.c:2488:6:panTompinksCalculation_Task	8	static
D:/ProjetoSTM32ECG/ECG/Core/Src/main.c:2864:6:StartTrasmECGOnTask	8	static
D:/ProjetoSTM32ECG/ECG/Core/Src/main.c:3101:6:StartmainTask	8	static
D:/ProjetoSTM32ECG/ECG/Core/Src/main.c:2891:6:StartRealiseDataBPMTask	8	static
D:/ProjetoSTM32ECG/ECG/Core/Src/main.c:2915:6:StartGetBatteryChargeTask	56	static
D:/ProjetoSTM32ECG/ECG/Core/Src/main.c:2981:6:StartWrittenSDTask	32	static
D:/ProjetoSTM32ECG/ECG/Core/Src/main.c:3056:6:StartExperimentoTask	8	static
D:/ProjetoSTM32ECG/ECG/Core/Src/main.c:2244:16:QSPI_WriteEnable.constprop	88	static
D:/ProjetoSTM32ECG/ECG/Core/Src/main.c:411:9:Red_ADS1198_DMA	8	static
D:/ProjetoSTM32ECG/ECG/Core/Src/main.c:432:6:Red_ADS1198_DMA_Complete	72	static
D:/ProjetoSTM32ECG/ECG/Core/Src/main.c:635:6:bufclear	8	static
D:/ProjetoSTM32ECG/ECG/Core/Src/main.c:2508:6:StartInitESPTask	8	static
D:/ProjetoSTM32ECG/ECG/Core/Src/main.c:2692:6:StartBuscarRedesTask	24	static
D:/ProjetoSTM32ECG/ECG/Core/Src/main.c:643:5:_write	12	static,ignoring_inline_asm
D:/ProjetoSTM32ECG/ECG/Core/Src/main.c:826:6:SystemClock_Config	88	static
D:/ProjetoSTM32ECG/ECG/Core/Src/main.c:879:6:PeriphCommonClock_Config	152	static
D:/ProjetoSTM32ECG/ECG/Core/Src/main.c:1143:6:MX_I2C4_Init	16	static
D:/ProjetoSTM32ECG/ECG/Core/Src/main.c:660:5:main	248	static,ignoring_inline_asm
D:/ProjetoSTM32ECG/ECG/Core/Src/main.c:2354:9:transferSPI	32	static
D:/ProjetoSTM32ECG/ECG/Core/Src/main.c:2363:6:USB_Print	16	static
D:/ProjetoSTM32ECG/ECG/Core/Src/main.c:2560:6:StartVerifErrorTask	24	static
D:/ProjetoSTM32ECG/ECG/Core/Src/main.c:2732:6:StartConectWiFiTask	80	static
D:/ProjetoSTM32ECG/ECG/Core/Src/main.c:2773:6:StartECGtoESPTask	4216	static
D:/ProjetoSTM32ECG/ECG/Core/Src/main.c:2370:6:USART_Send	0	static
D:/ProjetoSTM32ECG/ECG/Core/Src/main.c:2387:6:USB_Send4Byte	8	static
D:/ProjetoSTM32ECG/ECG/Core/Src/main.c:2381:6:USART_Send4Byte	0	static
D:/ProjetoSTM32ECG/ECG/Core/Src/main.c:2392:6:USB_Send2Byte	8	static
D:/ProjetoSTM32ECG/ECG/Core/Src/main.c:2397:6:USB_Send16bit	8	static
D:/ProjetoSTM32ECG/ECG/Core/Src/main.c:2404:6:USB_Sendfloat	8	static
D:/ProjetoSTM32ECG/ECG/Core/Src/main.c:2416:6:USB_SendBits	24	static
D:/ProjetoSTM32ECG/ECG/Core/Src/main.c:2436:6:HAL_GPIO_EXTI_Callback	8	static
D:/ProjetoSTM32ECG/ECG/Core/Src/main.c:2460:6:HAL_SPI_TxRxCpltCallback	0	static
D:/ProjetoSTM32ECG/ECG/Core/Src/main.c:2469:6:HAL_UART_RxCpltCallback	8	static
D:/ProjetoSTM32ECG/ECG/Core/Src/main.c:3202:6:HAL_TIM_PeriodElapsedCallback	0	static
D:/ProjetoSTM32ECG/ECG/Core/Src/main.c:3219:6:Error_Handler	0	static
