D:/ProjetoSTM32ECG/ECG/Core/Src/main.c:1934:6:StartDefaultTask	8	static
D:/ProjetoSTM32ECG/ECG/Core/Src/main.c:1679:16:QSPI_WriteEnable.constprop	88	static
D:/ProjetoSTM32ECG/ECG/Core/Src/main.c:211:9:Red_ADS1198_DMA	8	static
D:/ProjetoSTM32ECG/ECG/Core/Src/main.c:232:6:Red_ADS1198_DMA_Complete	16	static
D:/ProjetoSTM32ECG/ECG/Core/Src/main.c:270:6:bufclear	0	static
D:/ProjetoSTM32ECG/ECG/Core/Src/main.c:278:5:_write	12	static,ignoring_inline_asm
D:/ProjetoSTM32ECG/ECG/Core/Src/main.c:418:6:SystemClock_Config	88	static
D:/ProjetoSTM32ECG/ECG/Core/Src/main.c:657:6:MX_I2C4_Init	16	static
D:/ProjetoSTM32ECG/ECG/Core/Src/main.c:295:5:main	248	static,ignoring_inline_asm
D:/ProjetoSTM32ECG/ECG/Core/Src/main.c:1789:9:transferSPI	32	static
D:/ProjetoSTM32ECG/ECG/Core/Src/main.c:1798:6:USB_Print	16	static
D:/ProjetoSTM32ECG/ECG/Core/Src/main.c:1805:6:USART_Send	0	static
D:/ProjetoSTM32ECG/ECG/Core/Src/main.c:1822:6:USB_Send4Byte	8	static
D:/ProjetoSTM32ECG/ECG/Core/Src/main.c:1816:6:USART_Send4Byte	0	static
D:/ProjetoSTM32ECG/ECG/Core/Src/main.c:1827:6:USB_Send2Byte	8	static
D:/ProjetoSTM32ECG/ECG/Core/Src/main.c:1832:6:USB_Send16bit	8	static
D:/ProjetoSTM32ECG/ECG/Core/Src/main.c:1839:6:USB_Sendfloat	8	static
D:/ProjetoSTM32ECG/ECG/Core/Src/main.c:1851:6:USB_SendBits	24	static
D:/ProjetoSTM32ECG/ECG/Core/Src/main.c:1869:6:HAL_GPIO_EXTI_Callback	8	static
D:/ProjetoSTM32ECG/ECG/Core/Src/main.c:1912:6:HAL_SPI_TxRxCpltCallback	0	static
D:/ProjetoSTM32ECG/ECG/Core/Src/main.c:2043:6:HAL_TIM_PeriodElapsedCallback	0	static
D:/ProjetoSTM32ECG/ECG/Core/Src/main.c:2060:6:Error_Handler	0	static
