D:/ProjetoSTM32ECG/ECG/Core/Src/main.c:2281:6:panTompinksCalculation_Task	8	static
D:/ProjetoSTM32ECG/ECG/Core/Src/main.c:2657:6:StartTrasmECGOnTask	8	static
D:/ProjetoSTM32ECG/ECG/Core/Src/main.c:2683:6:StartRealiseDataBPMTask	8	static
D:/ProjetoSTM32ECG/ECG/Core/Src/main.c:2707:6:StartGetBatteryChargeTask	72	static
D:/ProjetoSTM32ECG/ECG/Core/Src/main.c:2039:16:QSPI_WriteEnable.constprop	88	static
D:/ProjetoSTM32ECG/ECG/Core/Src/main.c:361:9:Red_ADS1198_DMA	8	static
D:/ProjetoSTM32ECG/ECG/Core/Src/main.c:382:6:Red_ADS1198_DMA_Complete	24	static
D:/ProjetoSTM32ECG/ECG/Core/Src/main.c:504:6:bufclear	8	static
D:/ProjetoSTM32ECG/ECG/Core/Src/main.c:2301:6:StartInitESPTask	8	static
D:/ProjetoSTM32ECG/ECG/Core/Src/main.c:2485:6:StartBuscarRedesTask	24	static
D:/ProjetoSTM32ECG/ECG/Core/Src/main.c:512:5:_write	12	static,ignoring_inline_asm
D:/ProjetoSTM32ECG/ECG/Core/Src/main.c:681:6:SystemClock_Config	88	static
D:/ProjetoSTM32ECG/ECG/Core/Src/main.c:972:6:MX_I2C4_Init	16	static
D:/ProjetoSTM32ECG/ECG/Core/Src/main.c:529:5:main	248	static,ignoring_inline_asm
D:/ProjetoSTM32ECG/ECG/Core/Src/main.c:2149:9:transferSPI	32	static
D:/ProjetoSTM32ECG/ECG/Core/Src/main.c:2158:6:USB_Print	16	static
D:/ProjetoSTM32ECG/ECG/Core/Src/main.c:2353:6:StartVerifErrorTask	24	static
D:/ProjetoSTM32ECG/ECG/Core/Src/main.c:2525:6:StartConectWiFiTask	80	static
D:/ProjetoSTM32ECG/ECG/Core/Src/main.c:2566:6:StartECGtoESPTask	4248	static
D:/ProjetoSTM32ECG/ECG/Core/Src/main.c:2165:6:USART_Send	0	static
D:/ProjetoSTM32ECG/ECG/Core/Src/main.c:2182:6:USB_Send4Byte	8	static
D:/ProjetoSTM32ECG/ECG/Core/Src/main.c:2176:6:USART_Send4Byte	0	static
D:/ProjetoSTM32ECG/ECG/Core/Src/main.c:2187:6:USB_Send2Byte	8	static
D:/ProjetoSTM32ECG/ECG/Core/Src/main.c:2192:6:USB_Send16bit	8	static
D:/ProjetoSTM32ECG/ECG/Core/Src/main.c:2199:6:USB_Sendfloat	8	static
D:/ProjetoSTM32ECG/ECG/Core/Src/main.c:2211:6:USB_SendBits	24	static
D:/ProjetoSTM32ECG/ECG/Core/Src/main.c:2231:6:HAL_GPIO_EXTI_Callback	0	static
D:/ProjetoSTM32ECG/ECG/Core/Src/main.c:2253:6:HAL_SPI_TxRxCpltCallback	0	static
D:/ProjetoSTM32ECG/ECG/Core/Src/main.c:2262:6:HAL_UART_RxCpltCallback	8	static
D:/ProjetoSTM32ECG/ECG/Core/Src/main.c:2843:6:HAL_TIM_PeriodElapsedCallback	0	static
D:/ProjetoSTM32ECG/ECG/Core/Src/main.c:2860:6:Error_Handler	0	static
