D:/TouchGFXProjects/ECG/Core/Src/main.c:1901:6:StartDefaultTask	8	static
D:/TouchGFXProjects/ECG/Core/Src/main.c:1646:16:QSPI_WriteEnable.constprop	88	static
D:/TouchGFXProjects/ECG/Core/Src/main.c:201:9:Red_ADS1198_DMA	8	static
D:/TouchGFXProjects/ECG/Core/Src/main.c:246:6:bufclear	0	static
D:/TouchGFXProjects/ECG/Core/Src/main.c:254:5:_write	12	static,ignoring_inline_asm
D:/TouchGFXProjects/ECG/Core/Src/main.c:385:6:SystemClock_Config	88	static
D:/TouchGFXProjects/ECG/Core/Src/main.c:624:6:MX_I2C4_Init	16	static
D:/TouchGFXProjects/ECG/Core/Src/main.c:271:5:main	248	static,ignoring_inline_asm
D:/TouchGFXProjects/ECG/Core/Src/main.c:1756:9:transferSPI	32	static
D:/TouchGFXProjects/ECG/Core/Src/main.c:1765:6:USB_Print	16	static
D:/TouchGFXProjects/ECG/Core/Src/main.c:222:6:Red_ADS1198_DMA_Complete	8	static
D:/TouchGFXProjects/ECG/Core/Src/main.c:1772:6:USART_Send	0	static
D:/TouchGFXProjects/ECG/Core/Src/main.c:1789:6:USB_Send4Byte	8	static
D:/TouchGFXProjects/ECG/Core/Src/main.c:1783:6:USART_Send4Byte	0	static
D:/TouchGFXProjects/ECG/Core/Src/main.c:1794:6:USB_Send2Byte	8	static
D:/TouchGFXProjects/ECG/Core/Src/main.c:1799:6:USB_Send16bit	8	static
D:/TouchGFXProjects/ECG/Core/Src/main.c:1806:6:USB_Sendfloat	8	static
D:/TouchGFXProjects/ECG/Core/Src/main.c:1818:6:USB_SendBits	24	static
D:/TouchGFXProjects/ECG/Core/Src/main.c:1836:6:HAL_GPIO_EXTI_Callback	8	static
D:/TouchGFXProjects/ECG/Core/Src/main.c:1879:6:HAL_SPI_TxRxCpltCallback	0	static
D:/TouchGFXProjects/ECG/Core/Src/main.c:2010:6:HAL_TIM_PeriodElapsedCallback	0	static
D:/TouchGFXProjects/ECG/Core/Src/main.c:2027:6:Error_Handler	0	static
