D:/ProjetoSTM32ECG/ECG/Core/Src/stm32f7xx_it.c:84:6:NMI_Handler	0	static
D:/ProjetoSTM32ECG/ECG/Core/Src/stm32f7xx_it.c:97:6:HardFault_Handler	0	static
D:/ProjetoSTM32ECG/ECG/Core/Src/stm32f7xx_it.c:112:6:MemManage_Handler	0	static
D:/ProjetoSTM32ECG/ECG/Core/Src/stm32f7xx_it.c:127:6:BusFault_Handler	0	static
D:/ProjetoSTM32ECG/ECG/Core/Src/stm32f7xx_it.c:142:6:UsageFault_Handler	0	static
D:/ProjetoSTM32ECG/ECG/Core/Src/stm32f7xx_it.c:157:6:DebugMon_Handler	0	static
D:/ProjetoSTM32ECG/ECG/Core/Src/stm32f7xx_it.c:177:6:EXTI0_IRQHandler	0	static
D:/ProjetoSTM32ECG/ECG/Core/Src/stm32f7xx_it.c:191:6:EXTI9_5_IRQHandler	0	static
D:/ProjetoSTM32ECG/ECG/Core/Src/stm32f7xx_it.c:205:6:UART5_IRQHandler	0	static
D:/ProjetoSTM32ECG/ECG/Core/Src/stm32f7xx_it.c:219:6:TIM6_DAC_IRQHandler	0	static
D:/ProjetoSTM32ECG/ECG/Core/Src/stm32f7xx_it.c:233:6:DMA2_Stream0_IRQHandler	0	static
D:/ProjetoSTM32ECG/ECG/Core/Src/stm32f7xx_it.c:247:6:DMA2_Stream3_IRQHandler	0	static
D:/ProjetoSTM32ECG/ECG/Core/Src/stm32f7xx_it.c:261:6:DMA2_Stream4_IRQHandler	0	static
D:/ProjetoSTM32ECG/ECG/Core/Src/stm32f7xx_it.c:275:6:DMA2_Stream5_IRQHandler	0	static
D:/ProjetoSTM32ECG/ECG/Core/Src/stm32f7xx_it.c:289:6:LTDC_IRQHandler	8	static
D:/ProjetoSTM32ECG/ECG/Core/Src/stm32f7xx_it.c:305:6:DMA2D_IRQHandler	0	static
D:/ProjetoSTM32ECG/ECG/Core/Src/stm32f7xx_it.c:319:6:I2C4_EV_IRQHandler	0	static
D:/ProjetoSTM32ECG/ECG/Core/Src/stm32f7xx_it.c:333:6:DSI_IRQHandler	0	static
D:/ProjetoSTM32ECG/ECG/Core/Src/stm32f7xx_it.c:347:6:SDMMC2_IRQHandler	0	static
D:/ProjetoSTM32ECG/ECG/Core/Src/stm32f7xx_it.c:361:6:JPEG_IRQHandler	0	static
