D:/ProjetoSTM32ECG/ECG/Core/Src/stm32f7xx_hal_msp.c:71:6:HAL_MspInit	8	static
D:/ProjetoSTM32ECG/ECG/Core/Src/stm32f7xx_hal_msp.c:95:6:HAL_ADC_MspInit	40	static
D:/ProjetoSTM32ECG/ECG/Core/Src/stm32f7xx_hal_msp.c:128:6:HAL_ADC_MspDeInit	0	static
D:/ProjetoSTM32ECG/ECG/Core/Src/stm32f7xx_hal_msp.c:156:6:HAL_CRC_MspInit	8	static
D:/ProjetoSTM32ECG/ECG/Core/Src/stm32f7xx_hal_msp.c:178:6:HAL_CRC_MspDeInit	0	static
D:/ProjetoSTM32ECG/ECG/Core/Src/stm32f7xx_hal_msp.c:200:6:HAL_DMA2D_MspInit	16	static
D:/ProjetoSTM32ECG/ECG/Core/Src/stm32f7xx_hal_msp.c:225:6:HAL_DMA2D_MspDeInit	0	static
D:/ProjetoSTM32ECG/ECG/Core/Src/stm32f7xx_hal_msp.c:250:6:HAL_DSI_MspInit	40	static
D:/ProjetoSTM32ECG/ECG/Core/Src/stm32f7xx_hal_msp.c:288:6:HAL_DSI_MspDeInit	8	static
D:/ProjetoSTM32ECG/ECG/Core/Src/stm32f7xx_hal_msp.c:318:6:HAL_I2C_MspInit	200	static
D:/ProjetoSTM32ECG/ECG/Core/Src/stm32f7xx_hal_msp.c:375:6:HAL_I2C_MspDeInit	8	static
D:/ProjetoSTM32ECG/ECG/Core/Src/stm32f7xx_hal_msp.c:408:6:HAL_JPEG_MspInit	24	static
D:/ProjetoSTM32ECG/ECG/Core/Src/stm32f7xx_hal_msp.c:477:6:HAL_JPEG_MspDeInit	8	static
D:/ProjetoSTM32ECG/ECG/Core/Src/stm32f7xx_hal_msp.c:506:6:HAL_LTDC_MspInit	160	static
D:/ProjetoSTM32ECG/ECG/Core/Src/stm32f7xx_hal_msp.c:547:6:HAL_LTDC_MspDeInit	0	static
D:/ProjetoSTM32ECG/ECG/Core/Src/stm32f7xx_hal_msp.c:572:6:HAL_QSPI_MspInit	64	static
D:/ProjetoSTM32ECG/ECG/Core/Src/stm32f7xx_hal_msp.c:645:6:HAL_QSPI_MspDeInit	8	static
D:/ProjetoSTM32ECG/ECG/Core/Src/stm32f7xx_hal_msp.c:686:6:HAL_SPI_MspInit	48	static
D:/ProjetoSTM32ECG/ECG/Core/Src/stm32f7xx_hal_msp.c:760:6:HAL_SPI_MspDeInit	8	static
D:/ProjetoSTM32ECG/ECG/Core/Src/stm32f7xx_hal_msp.c:793:6:HAL_UART_MspInit	208	static
D:/ProjetoSTM32ECG/ECG/Core/Src/stm32f7xx_hal_msp.c:885:6:HAL_UART_MspDeInit	8	static
D:/ProjetoSTM32ECG/ECG/Core/Src/stm32f7xx_hal_msp.c:1060:6:HAL_SDRAM_MspInit	48	static
D:/ProjetoSTM32ECG/ECG/Core/Src/stm32f7xx_hal_msp.c:1168:6:HAL_SDRAM_MspDeInit	8	static
D:/ProjetoSTM32ECG/ECG/Core/Src/stm32f7xx_hal_msp.c:1188:6:BSP_QSPI_MspInit	0	static
D:/ProjetoSTM32ECG/ECG/Core/Src/stm32f7xx_hal_msp.c:1202:6:BSP_QSPI_MspDeInit	0	static
D:/ProjetoSTM32ECG/ECG/Core/Src/stm32f7xx_hal_msp.c:1215:6:BSP_SDRAM_MspInit	0	static
D:/ProjetoSTM32ECG/ECG/Core/Src/stm32f7xx_hal_msp.c:1228:6:BSP_SDRAM_MspDeInit	0	static
