D:/ProjetoSTM32ECG/ECG/Core/Src/stm32f7xx_hal_msp.c:71:6:HAL_MspInit	8	static
D:/ProjetoSTM32ECG/ECG/Core/Src/stm32f7xx_hal_msp.c:95:6:HAL_CRC_MspInit	8	static
D:/ProjetoSTM32ECG/ECG/Core/Src/stm32f7xx_hal_msp.c:117:6:HAL_CRC_MspDeInit	0	static
D:/ProjetoSTM32ECG/ECG/Core/Src/stm32f7xx_hal_msp.c:139:6:HAL_DMA2D_MspInit	16	static
D:/ProjetoSTM32ECG/ECG/Core/Src/stm32f7xx_hal_msp.c:164:6:HAL_DMA2D_MspDeInit	0	static
D:/ProjetoSTM32ECG/ECG/Core/Src/stm32f7xx_hal_msp.c:189:6:HAL_DSI_MspInit	40	static
D:/ProjetoSTM32ECG/ECG/Core/Src/stm32f7xx_hal_msp.c:227:6:HAL_DSI_MspDeInit	8	static
D:/ProjetoSTM32ECG/ECG/Core/Src/stm32f7xx_hal_msp.c:257:6:HAL_I2C_MspInit	200	static
D:/ProjetoSTM32ECG/ECG/Core/Src/stm32f7xx_hal_msp.c:314:6:HAL_I2C_MspDeInit	8	static
D:/ProjetoSTM32ECG/ECG/Core/Src/stm32f7xx_hal_msp.c:347:6:HAL_JPEG_MspInit	24	static
D:/ProjetoSTM32ECG/ECG/Core/Src/stm32f7xx_hal_msp.c:416:6:HAL_JPEG_MspDeInit	8	static
D:/ProjetoSTM32ECG/ECG/Core/Src/stm32f7xx_hal_msp.c:445:6:HAL_LTDC_MspInit	160	static
D:/ProjetoSTM32ECG/ECG/Core/Src/stm32f7xx_hal_msp.c:486:6:HAL_LTDC_MspDeInit	0	static
D:/ProjetoSTM32ECG/ECG/Core/Src/stm32f7xx_hal_msp.c:511:6:HAL_QSPI_MspInit	64	static
D:/ProjetoSTM32ECG/ECG/Core/Src/stm32f7xx_hal_msp.c:584:6:HAL_QSPI_MspDeInit	8	static
D:/ProjetoSTM32ECG/ECG/Core/Src/stm32f7xx_hal_msp.c:625:6:HAL_SPI_MspInit	48	static
D:/ProjetoSTM32ECG/ECG/Core/Src/stm32f7xx_hal_msp.c:699:6:HAL_SPI_MspDeInit	8	static
D:/ProjetoSTM32ECG/ECG/Core/Src/stm32f7xx_hal_msp.c:732:6:HAL_UART_MspInit	184	static
D:/ProjetoSTM32ECG/ECG/Core/Src/stm32f7xx_hal_msp.c:779:6:HAL_UART_MspDeInit	0	static
D:/ProjetoSTM32ECG/ECG/Core/Src/stm32f7xx_hal_msp.c:932:6:HAL_SDRAM_MspInit	48	static
D:/ProjetoSTM32ECG/ECG/Core/Src/stm32f7xx_hal_msp.c:1040:6:HAL_SDRAM_MspDeInit	8	static
D:/ProjetoSTM32ECG/ECG/Core/Src/stm32f7xx_hal_msp.c:1060:6:BSP_QSPI_MspInit	0	static
D:/ProjetoSTM32ECG/ECG/Core/Src/stm32f7xx_hal_msp.c:1074:6:BSP_QSPI_MspDeInit	0	static
D:/ProjetoSTM32ECG/ECG/Core/Src/stm32f7xx_hal_msp.c:1087:6:BSP_SDRAM_MspInit	0	static
D:/ProjetoSTM32ECG/ECG/Core/Src/stm32f7xx_hal_msp.c:1100:6:BSP_SDRAM_MspDeInit	0	static
