D:/ProjetoSTM32ECG/ECG/Core/Src/stm32f7xx_it.c:82:6:NMI_Handler	0	static
D:/ProjetoSTM32ECG/ECG/Core/Src/stm32f7xx_it.c:95:6:HardFault_Handler	0	static
D:/ProjetoSTM32ECG/ECG/Core/Src/stm32f7xx_it.c:110:6:MemManage_Handler	0	static
D:/ProjetoSTM32ECG/ECG/Core/Src/stm32f7xx_it.c:125:6:BusFault_Handler	0	static
D:/ProjetoSTM32ECG/ECG/Core/Src/stm32f7xx_it.c:140:6:UsageFault_Handler	0	static
D:/ProjetoSTM32ECG/ECG/Core/Src/stm32f7xx_it.c:155:6:DebugMon_Handler	0	static
D:/ProjetoSTM32ECG/ECG/Core/Src/stm32f7xx_it.c:175:6:EXTI0_IRQHandler	0	static
D:/ProjetoSTM32ECG/ECG/Core/Src/stm32f7xx_it.c:189:6:EXTI9_5_IRQHandler	0	static
D:/ProjetoSTM32ECG/ECG/Core/Src/stm32f7xx_it.c:203:6:TIM6_DAC_IRQHandler	0	static
D:/ProjetoSTM32ECG/ECG/Core/Src/stm32f7xx_it.c:217:6:DMA2_Stream0_IRQHandler	0	static
D:/ProjetoSTM32ECG/ECG/Core/Src/stm32f7xx_it.c:231:6:DMA2_Stream1_IRQHandler	0	static
D:/ProjetoSTM32ECG/ECG/Core/Src/stm32f7xx_it.c:245:6:DMA2_Stream3_IRQHandler	0	static
D:/ProjetoSTM32ECG/ECG/Core/Src/stm32f7xx_it.c:259:6:DMA2_Stream4_IRQHandler	0	static
D:/ProjetoSTM32ECG/ECG/Core/Src/stm32f7xx_it.c:273:6:LTDC_IRQHandler	8	static
D:/ProjetoSTM32ECG/ECG/Core/Src/stm32f7xx_it.c:289:6:DMA2D_IRQHandler	0	static
D:/ProjetoSTM32ECG/ECG/Core/Src/stm32f7xx_it.c:303:6:I2C4_EV_IRQHandler	0	static
D:/ProjetoSTM32ECG/ECG/Core/Src/stm32f7xx_it.c:317:6:DSI_IRQHandler	0	static
D:/ProjetoSTM32ECG/ECG/Core/Src/stm32f7xx_it.c:331:6:JPEG_IRQHandler	0	static
