D:/ProjetoSTM32ECG/ECG/Middlewares/Third_Party/LibJPEG/source/jcarith.c:834:1:start_pass	40	static
D:/ProjetoSTM32ECG/ECG/Middlewares/Third_Party/LibJPEG/source/jcarith.c:116:1:emit_byte	8	static
D:/ProjetoSTM32ECG/ECG/Middlewares/Third_Party/LibJPEG/source/jcarith.c:133:1:finish_pass	16	static
D:/ProjetoSTM32ECG/ECG/Middlewares/Third_Party/LibJPEG/source/jcarith.c:219:1:arith_encode	24	static
D:/ProjetoSTM32ECG/ECG/Middlewares/Third_Party/LibJPEG/source/jcarith.c:319:1:emit_restart	32	static
D:/ProjetoSTM32ECG/ECG/Middlewares/Third_Party/LibJPEG/source/jcarith.c:686:1:encode_mcu	72	static
D:/ProjetoSTM32ECG/ECG/Middlewares/Third_Party/LibJPEG/source/jcarith.c:590:1:encode_mcu_AC_refine	56	static
D:/ProjetoSTM32ECG/ECG/Middlewares/Third_Party/LibJPEG/source/jcarith.c:555:1:encode_mcu_DC_refine	24	static
D:/ProjetoSTM32ECG/ECG/Middlewares/Third_Party/LibJPEG/source/jcarith.c:453:1:encode_mcu_AC_first	56	static
D:/ProjetoSTM32ECG/ECG/Middlewares/Third_Party/LibJPEG/source/jcarith.c:362:1:encode_mcu_DC_first	56	static
D:/ProjetoSTM32ECG/ECG/Middlewares/Third_Party/LibJPEG/source/jcarith.c:917:1:jinit_arith_encoder	16	static
