D:/ProjetoSTM32ECG/ECG/Middlewares/Third_Party/LibJPEG/source/jdapimin.c:31:1:jpeg_CreateDecompress	16	static
D:/ProjetoSTM32ECG/ECG/Middlewares/Third_Party/LibJPEG/source/jdapimin.c:92:1:jpeg_destroy_decompress	0	static
D:/ProjetoSTM32ECG/ECG/Middlewares/Third_Party/LibJPEG/source/jdapimin.c:104:1:jpeg_abort_decompress	0	static
D:/ProjetoSTM32ECG/ECG/Middlewares/Third_Party/LibJPEG/source/jdapimin.c:288:1:jpeg_consume_input	16	static
D:/ProjetoSTM32ECG/ECG/Middlewares/Third_Party/LibJPEG/source/jdapimin.c:242:1:jpeg_read_header	16	static
D:/ProjetoSTM32ECG/ECG/Middlewares/Third_Party/LibJPEG/source/jdapimin.c:335:1:jpeg_input_complete	8	static
D:/ProjetoSTM32ECG/ECG/Middlewares/Third_Party/LibJPEG/source/jdapimin.c:350:1:jpeg_has_multiple_scans	8	static
D:/ProjetoSTM32ECG/ECG/Middlewares/Third_Party/LibJPEG/source/jdapimin.c:370:1:jpeg_finish_decompress	8	static
