D:/ProjetoSTM32ECG/ECG/Middlewares/Third_Party/LibJPEG/source/jdmaster.c:412:1:prepare_for_output_pass	16	static
D:/ProjetoSTM32ECG/ECG/Middlewares/Third_Party/LibJPEG/source/jdmaster.c:472:1:finish_output_pass	8	static
D:/ProjetoSTM32ECG/ECG/Middlewares/Third_Party/LibJPEG/source/jdmaster.c:45:1:use_merged_upsample	8	static
D:/ProjetoSTM32ECG/ECG/Middlewares/Third_Party/LibJPEG/source/jdmaster.c:88:1:jpeg_calc_output_dimensions	32	static
D:/ProjetoSTM32ECG/ECG/Middlewares/Third_Party/LibJPEG/source/jdmaster.c:489:1:jpeg_new_colormap	16	static
D:/ProjetoSTM32ECG/ECG/Middlewares/Third_Party/LibJPEG/source/jdmaster.c:517:1:jinit_master_decompress	24	static
