../Application/User/biblioteca_ESP01/ESP8266.c:58:6:ESP_init	8	static
../Application/User/biblioteca_ESP01/ESP8266.c:77:6:WiFi_OFF	0	static
../Application/User/biblioteca_ESP01/ESP8266.c:149:18:transmitATcommand	32	static
../Application/User/biblioteca_ESP01/ESP8266.c:268:6:EsperarAte	24	static
../Application/User/biblioteca_ESP01/ESP8266.c:186:18:VerificaErro	48	static
../Application/User/biblioteca_ESP01/ESP8266.c:82:8:BuscarRedes	40	static
../Application/User/biblioteca_ESP01/ESP8266.c:174:18:rodaComandoAT	2064	static
../Application/User/biblioteca_ESP01/ESP8266.c:235:6:VerificaConexaoWiFi	176	static
../Application/User/biblioteca_ESP01/ESP8266.c:289:6:SendComandAT	16	static
../Application/User/biblioteca_ESP01/ESP8266.c:127:6:ConectarWiFi	128	static
../Application/User/biblioteca_ESP01/ESP8266.c:311:6:constroijsonO	32	static
../Application/User/biblioteca_ESP01/ESP8266.c:354:6:requesthttp	48	static
../Application/User/biblioteca_ESP01/ESP8266.c:294:6:ServerInit	5352	static
../Application/User/biblioteca_ESP01/ESP8266.c:386:5:size	0	static
../Application/User/biblioteca_ESP01/ESP8266.c:394:6:ExtrairID	16	static
