../Application/User/biblioteca_ESP01/ESP8266.c:57:6:ESP_init	8	static
../Application/User/biblioteca_ESP01/ESP8266.c:75:6:WiFi_OFF	0	static
../Application/User/biblioteca_ESP01/ESP8266.c:147:18:transmitATcommand	32	static
../Application/User/biblioteca_ESP01/ESP8266.c:266:6:EsperarAte	24	static
../Application/User/biblioteca_ESP01/ESP8266.c:184:18:VerificaErro	48	static
../Application/User/biblioteca_ESP01/ESP8266.c:80:8:BuscarRedes	40	static
../Application/User/biblioteca_ESP01/ESP8266.c:172:18:rodaComandoAT	2064	static
../Application/User/biblioteca_ESP01/ESP8266.c:233:6:VerificaConexaoWiFi	176	static
../Application/User/biblioteca_ESP01/ESP8266.c:287:6:SendComandAT	16	static
../Application/User/biblioteca_ESP01/ESP8266.c:125:6:ConectarWiFi	128	static
../Application/User/biblioteca_ESP01/ESP8266.c:309:6:constroijsonO	32	static
../Application/User/biblioteca_ESP01/ESP8266.c:352:6:requesthttp	48	static
../Application/User/biblioteca_ESP01/ESP8266.c:292:6:ServerInit	5352	static
../Application/User/biblioteca_ESP01/ESP8266.c:384:5:size	0	static
../Application/User/biblioteca_ESP01/ESP8266.c:392:6:ExtrairID	16	static
