../Application/User/biblioteca_ADS1198/ADS1298.c:197:6:ADS_SDATAC	8	static
../Application/User/biblioteca_ADS1198/ADS1298.c:205:6:ADS_START	8	static
../Application/User/biblioteca_ADS1198/ADS1298.c:212:6:ADS_STOP	8	static
../Application/User/biblioteca_ADS1198/ADS1298.c:218:6:ADS_RESET	8	static
../Application/User/biblioteca_ADS1198/ADS1298.c:224:6:ADS_RDATAC	8	static
../Application/User/biblioteca_ADS1198/ADS1298.c:230:6:ADS_WAKEUP	8	static
../Application/User/biblioteca_ADS1198/ADS1298.c:351:6:ADS_updateChannelData	24	static
../Application/User/biblioteca_ADS1198/ADS1298.c:416:6:ADS_RDATA	24	static
../Application/User/biblioteca_ADS1198/ADS1298.c:490:6:ADS_printRegisterName	0	static
../Application/User/biblioteca_ADS1198/ADS1298.c:249:9:ADS_RREG	16	static
../Application/User/biblioteca_ADS1198/ADS1298.c:237:9:ADS_getDeviceID	8	static
../Application/User/biblioteca_ADS1198/ADS1298.c:275:6:ADS_RREGS	32	static
../Application/User/biblioteca_ADS1198/ADS1298.c:307:6:ADS_WREG	16	static
../Application/User/biblioteca_ADS1198/ADS1298.c:327:6:ADS_WREGS	24	static
../Application/User/biblioteca_ADS1198/ADS1298.c:566:6:ADS_sendUSBData	0	static
../Application/User/biblioteca_ADS1198/ADS1298.c:623:6:ADS_sendUARTData	0	static
../Application/User/biblioteca_ADS1198/ADS1298.c:648:6:ADS_SendData	0	static
../Application/User/biblioteca_ADS1198/ADS1298.c:655:10:getChannelData	0	static
../Application/User/biblioteca_ADS1198/ADS1298.c:659:6:SetCanaisIguais	8	static
../Application/User/biblioteca_ADS1198/ADS1298.c:29:6:ADS_Init	8	static
../Application/User/biblioteca_ADS1198/ADS1298.c:138:6:ADS_InitTestInt	8	static
