../Application/User/biblioteca_ADS1198/ADS1298.c:284:6:ADS_SDATAC	8	static
../Application/User/biblioteca_ADS1198/ADS1298.c:292:6:ADS_START	8	static
../Application/User/biblioteca_ADS1198/ADS1298.c:299:6:ADS_STOP	8	static
../Application/User/biblioteca_ADS1198/ADS1298.c:305:6:ADS_RESET	8	static
../Application/User/biblioteca_ADS1198/ADS1298.c:311:6:ADS_RDATAC	8	static
../Application/User/biblioteca_ADS1198/ADS1298.c:317:6:ADS_WAKEUP	8	static
../Application/User/biblioteca_ADS1198/ADS1298.c:438:6:ADS_updateChannelData	24	static
../Application/User/biblioteca_ADS1198/ADS1298.c:503:6:ADS_RDATA	24	static
../Application/User/biblioteca_ADS1198/ADS1298.c:577:6:ADS_printRegisterName	0	static
../Application/User/biblioteca_ADS1198/ADS1298.c:336:9:ADS_RREG	16	static
../Application/User/biblioteca_ADS1198/ADS1298.c:324:9:ADS_getDeviceID	8	static
../Application/User/biblioteca_ADS1198/ADS1298.c:362:6:ADS_RREGS	32	static
../Application/User/biblioteca_ADS1198/ADS1298.c:394:6:ADS_WREG	16	static
../Application/User/biblioteca_ADS1198/ADS1298.c:46:6:ADS_Config3Dev	8	static
../Application/User/biblioteca_ADS1198/ADS1298.c:232:6:ADS_LOFF_DC_Resistor	8	static
../Application/User/biblioteca_ADS1198/ADS1298.c:245:6:ADS_LOFF_DC_CurrentSource	8	static
../Application/User/biblioteca_ADS1198/ADS1298.c:258:6:ADS_LOFF_AC	8	static
../Application/User/biblioteca_ADS1198/ADS1298.c:271:6:ADS_LOFF_OFF	8	static
../Application/User/biblioteca_ADS1198/ADS1298.c:414:6:ADS_WREGS	24	static
../Application/User/biblioteca_ADS1198/ADS1298.c:653:6:ADS_sendUSBData	0	static
../Application/User/biblioteca_ADS1198/ADS1298.c:710:6:ADS_sendUARTData	0	static
../Application/User/biblioteca_ADS1198/ADS1298.c:735:6:ADS_SendData	0	static
../Application/User/biblioteca_ADS1198/ADS1298.c:742:10:getChannelData	0	static
../Application/User/biblioteca_ADS1198/ADS1298.c:746:6:SetCanaisIguais	8	static
../Application/User/biblioteca_ADS1198/ADS1298.c:28:6:ADS_Config12Dev	8	static
../Application/User/biblioteca_ADS1198/ADS1298.c:77:6:ADS_Init	8	static
../Application/User/biblioteca_ADS1198/ADS1298.c:173:6:ADS_InitTestInt	8	static
