../Application/User/biblioteca_ADS1198/ADS1298.c:132:6:ADS_SDATAC	8	static
../Application/User/biblioteca_ADS1198/ADS1298.c:140:6:ADS_START	8	static
../Application/User/biblioteca_ADS1198/ADS1298.c:147:6:ADS_STOP	8	static
../Application/User/biblioteca_ADS1198/ADS1298.c:153:6:ADS_RESET	8	static
../Application/User/biblioteca_ADS1198/ADS1298.c:159:6:ADS_RDATAC	8	static
../Application/User/biblioteca_ADS1198/ADS1298.c:165:6:ADS_WAKEUP	8	static
../Application/User/biblioteca_ADS1198/ADS1298.c:286:6:ADS_updateChannelData	24	static
../Application/User/biblioteca_ADS1198/ADS1298.c:351:6:ADS_RDATA	24	static
../Application/User/biblioteca_ADS1198/ADS1298.c:425:6:ADS_printRegisterName	0	static
../Application/User/biblioteca_ADS1198/ADS1298.c:184:9:ADS_RREG	16	static
../Application/User/biblioteca_ADS1198/ADS1298.c:172:9:ADS_getDeviceID	8	static
../Application/User/biblioteca_ADS1198/ADS1298.c:210:6:ADS_RREGS	32	static
../Application/User/biblioteca_ADS1198/ADS1298.c:242:6:ADS_WREG	16	static
../Application/User/biblioteca_ADS1198/ADS1298.c:30:6:ADS_Init	8	static
../Application/User/biblioteca_ADS1198/ADS1298.c:262:6:ADS_WREGS	24	static
../Application/User/biblioteca_ADS1198/ADS1298.c:501:6:ADS_sendUSBData	0	static
../Application/User/biblioteca_ADS1198/ADS1298.c:558:6:ADS_sendUARTData	0	static
../Application/User/biblioteca_ADS1198/ADS1298.c:583:6:ADS_SendData	0	static
../Application/User/biblioteca_ADS1198/ADS1298.c:590:10:getChannelData	0	static
